Backend@Backend:~$ sudo nano /etc/apache2/sites-available/gci.conf
[sudo] password for Backend: 
Backend@Backend:~$ cd /etc/apache2/sites-available/
Backend@Backend:/etc/apache2/sites-available$ cd /var/www/gci
Backend@Backend:/var/www/gci$ ls
index.html
Backend@Backend:/var/www/gci$ sudo mkdir private
Backend@Backend:/var/www/gci$ ll
total 16
drwxr-xr-x 3 root root 4096 Sep  3 16:23 ./
drwxr-xr-x 5 root root 4096 Sep  2 14:20 ../
-rwxr--r-- 1 root root  137 Sep  1 18:34 index.html*
drwxr-xr-x 2 root root 4096 Sep  3 16:23 private/
Backend@Backend:/var/www/gci$ sudo cp index.html private
Backend@Backend:/var/www/gci$ ls
index.html  private
Backend@Backend:/var/www/gci$ ls private
index.html
Backend@Backend:/var/www/gci$ cd private/
Backend@Backend:/var/www/gci/private$ sudo mv index.html prva.html
Backend@Backend:/var/www/gci/private$ ll
total 12
drwxr-xr-x 2 root root 4096 Sep  3 16:24 ./
drwxr-xr-x 3 root root 4096 Sep  3 16:23 ../
-rwxr--r-- 1 root root  137 Sep  3 16:24 prva.html*
Backend@Backend:/var/www/gci/private$ sudo htpasswd -c /etc/apache2/.htpasswd Backend
New password: 
Re-type new password: 
Adding password for user Backend
Backend@Backend:/var/www/gci/private$ ls -l /etc/apache2/.htpasswd
-rw-r--r-- 1 root root 46 Sep  3 16:32 /etc/apache2/.htpasswd
Backend@Backend:/var/www/gci/private$ sudo chown root:www-data /etc/apache2/.htpasswd
Backend@Backend:/var/www/gci/private$ ls -l /etc/apache2/.htpasswd
-rw-r--r-- 1 root www-data 46 Sep  3 16:32 /etc/apache2/.htpasswd
Backend@Backend:/var/www/gci/private$ sudo systemctl  restart apache2
Backend@Backend:/var/www/gci/private$ sudo a2ensite gci.conf
Enabling site gci.
To activate the new configuration, you need to run:
  systemctl reload apache2
Backend@Backend:/var/www/gci/private$ systemctl reload apache2
Backend@Backend:/var/www/gci/private$ sudo a2dissite ostechnix2.lan.conf
Site ostechnix2.lan disabled.
To activate the new configuration, you need to run:
  systemctl reload apache2
Backend@Backend:/var/www/gci/private$ sudo a2dissite ostechnix1.lan.conf
Site ostechnix1.lan disabled.
To activate the new configuration, you need to run:
  systemctl reload apache2
Backend@Backend:/var/www/gci/private$ systemctl reload apache2
Backend@Backend:/var/www/gci/private$ sudo nano /etc/hosts
Backend@Backend:/var/www/gci/private$ systemctl reload apache2
Backend@Backend:/var/www/gci/private$ sudo a2ensite ostechnix2.lan.conf
Enabling site ostechnix2.lan.
To activate the new configuration, you need to run:
  systemctl reload apache2
Backend@Backend:/var/www/gci/private$ sudo a2ensite ostechnix1.lan.conf
Enabling site ostechnix1.lan.
To activate the new configuration, you need to run:
  systemctl reload apache2
Backend@Backend:/var/www/gci/private$ systemctl reload apache2
Backend@Backend:/var/www/gci/private$ ^C
Backend@Backend:/var/www/gci/private$ sudo nano /etc/apache2/sites-available/gci.conf
[sudo] password for Backend: 
Backend@Backend:/var/www/gci/private$ cat /etc/apache2/sites-available/gci.conf
<VirtualHost *:80>
	# The ServerName directive sets the request scheme, hostname and port that
	# the server uses to identify itself. This is used when creating
	# redirection URLs. In the context of virtual hosts, the ServerName
	# specifies what hostname must appear in the request's Host: header to
	# match this virtual host. For the default virtual host (this file) this
	# value is not decisive as it is used as a last resort host regardless.
	# However, you must set it for any further virtual host explicitly.
	
        ServerName gci.example.com
	ServerAdmin Josip@localhost
	DocumentRoot /var/www/gci
        <Directory /var/www/gci>
                    AllowOverride All
        </Directory>

	# Available loglevels: trace8, ..., trace1, debug, info, notice, warn,
	# error, crit, alert, emerg.
	# It is also possible to configure the loglevel for particular
	# modules, e.g.
	#LogLevel info ssl:warn

	ErrorLog ${APACHE_LOG_DIR}/error.log
	CustomLog ${APACHE_LOG_DIR}/access.log combined

	# For most configuration files from conf-available/, which are
	# enabled or disabled at a global level, it is possible to
	# include a line for only one particular virtual host. For example the
	# following line enables the CGI configuration for this host only
	# after it has been globally disabled with "a2disconf".
	#Include conf-available/serve-cgi-bin.conf
</VirtualHost>
Backend@Backend:/var/www/gci/private$ ^C
Backend@Backend:/var/www/gci/private$ 
